     1                                  EXTERN __FIN_PILA
     2                                  
     3                                  INICIO_DIR_PAG EQU 0x1000 ;Las pongo en cualquier lugar
     4                                  INICIO_TAB_PAG_RAM EQU 0x2000
     5                                  INICIO_TAB_PAG_ROM EQU 0x3000
     6                                  
     7                                  EXTERN _pic_configure
     8                                  EXTERN _pit_configure
     9                                  
    10                                  section .reset
    11                                  arranque:
    12                                  USE16
    13 00000000 B80000                    mov ax,0
    14 00000003 FFE0                      jmp ax
    15                                    ;salto a inicio16
    16 00000005 00<rept>                  times 16-($-arranque) db 0
    17                                  
    18                                  section .init
    19 00000000 E92C01                    jmp inicio
    20                                    gdt:
    21 00000003 0000000000000000                    db 0,0,0,0,0,0,0,0  ;Descriptor nulo
    22                                    ds_sel    equ $-gdt
    23 0000000B FFFF00000092CF00                    db 0xFF, 0xFF, 0, 0, 0, 0x92, 0xCF, 0
    24                                    cs_sel    equ $-gdt
    25 00000013 FFFF0000009ACF00                  db 0xFF, 0xFF, 0, 0, 0, 0x9A, 0xCF, 0
    26                                  
    27                                    long_gdt equ $-gdt
    28                                  
    29                                    img_gdtr:
    30 0000001B 1700                      		  dw long_gdt-1
    31 0000001D [03000000]                		  dd gdt
    32                                  
    33                                  idt:
    34 00000021 0000000000000000-         TIMES 0x20 dq 0;todo a 0 qd(quad words-8 bytes a 0)
    34 00000021 <rept>             
    35                                    ;Compuerta de interrupcion
    36 00000121 [E101]                    dw _handler_timer ;Offset de mi manejador
    37 00000123 1000                      dw cs_sel ;Selector de codigo
    38 00000125 00                        db 0x0
    39 00000126 8E                        db 0x8E ;Indico que es de interrupcion
    40 00000127 FFFF                      dw 0xFFFF
    41                                  long_idt equ $-idt
    42                                  
    43                                  img_idtr:
    44 00000129 0701                          dw long_idt-1
    45 0000012B [21000000]                    dd idt
    46                                  
    47                                  inicio:
    48 0000012F 66B8F0FFFFFF              mov eax,0xFFFFFFF0
    49 00000135 66A30000                  mov [0],eax
    50 00000139 FA                        cli       ;Deshabilito interrupciones
    51 0000013A 66                        db 0x66            ;Requerido para direcciones mayores
    52 0000013B 2E0F0116[1B00]            lgdt  [cs:img_gdtr] ;que 0x00FFFFFFF.
    53 00000141 0F20C0                    mov eax,cr0        ;Habiltación bit de modo protegido.
    54 00000144 6683C801                  or eax,1
    55 00000148 0F22C0                    mov cr0,eax
    56 0000014B 66EA[53010000]1000        jmp dword cs_sel:modo_proteg
    57                                  
    58                                  USE32
    59                                  modo_proteg:
    60 00000153 66B80800                  mov ax,ds_sel
    61 00000157 8ED8                      mov ds,ax
    62 00000159 8ED0                      mov ss,ax ;defino ss y esp dentro del segmento de datos
    63 0000015B BC[00000000]              mov esp,__FIN_PILA
    64                                  
    65                                    ;Borro la memoria, en donde voy a poner mis tablas
    66 00000160 BF00100000                mov edi,0x1000
    67 00000165 B9000C0000                mov ecx,0x3000/4
    68 0000016A 31C0                      xor eax,eax
    69                                  .ciclo_borrado_tablas_paginacion:
    70 0000016C 8907                      mov [edi],eax
    71 0000016E 83C704                    add edi,4
    72 00000171 49                        dec ecx
    73 00000172 75F8                      jnz .ciclo_borrado_tablas_paginacion
    74                                    ;Lleno las tablas
    75 00000174 C70500140000032000-       mov dword[INICIO_DIR_PAG+0x100*4],INICIO_TAB_PAG_RAM+0x3
    75 0000017D 00                 
    76 0000017E C705FC1F0000033000-       mov dword[INICIO_DIR_PAG+0x3FF*4],INICIO_TAB_PAG_ROM+0x3
    76 00000187 00                 
    77 00000188 C70500200000030000-       mov dword[INICIO_TAB_PAG_RAM+0x000*4],0x00000000+0x3
    77 00000191 00                 
    78                                  
    79                                    ;Tengo que llenar las tablas de rom, que son 16, 16x4kb=64kb
    80 00000192 BFC03F0000                mov edi,INICIO_TAB_PAG_ROM+0x3F0*4 ;algo + indice * 4
    81 00000197 B80300FFFF                mov eax,0xFFFF0000+0x3
    82 0000019C B910000000                mov ecx, 16
    83                                  .ciclo_set_tab_pag_rom:
    84 000001A1 8907                      mov [edi],eax
    85 000001A3 83C704                    add edi,4
    86 000001A6 0500100000                add eax,0x1000 ;la siguiente pagina esta 4kb adelante
    87 000001AB 49                        dec ecx
    88 000001AC 75F3                      jnz .ciclo_set_tab_pag_rom
    89                                    ;cargo idt
    90 000001AE 0F011D[29010000]          lidt  [img_idtr]
    91                                    ;Configuro los pics
    92 000001B5 E8(00000000)              call _pic_configure
    93 000001BA E8(00000000)              call _pit_configure
    94                                    ;aca tengo que activar la paginacion
    95                                    ;Cargo cr3 en el inicio del directorio de paginas
    96 000001BF B800100000                mov eax,INICIO_DIR_PAG
    97 000001C4 0F22D8                    mov cr3,eax
    98                                    ;activo la paginacion con cr0
    99 000001C7 6687DB                    xchg bx,bx
   100 000001CA 0F20C0                    mov eax,cr0
   101 000001CD 0D00000080                or eax,0x80000000
   102 000001D2 0F22C0                    mov cr0,eax
   103                                    ;Tengo que cambiar la pila que no esta paginada
   104 000001D5 BC00100040                mov esp,0x40001000
   105                                  
   106                                    ;Le digo al pic que este habilitada la interrupcion del timer irq0
   107 000001DA B0FE                      mov al,0xFE;Habilito irq 0
   108 000001DC E621                      out 0x21,al
   109                                  
   110 000001DE FB                        sti ;A partir de este momento estan habilitadas las interrupciones
   111 000001DF EBFE                      jmp $
   112                                  
   113                                  _handler_timer:
   114 000001E1 60                        pushad
   115 000001E2 B800000000                mov eax,0
   116 000001E7 668CD8                    mov ax,ds
   117 000001EA 50                        push eax
   118 000001EB 66B80800                  mov ax,ds_sel
   119 000001EF 8ED8                      mov ds,ax
   120 000001F1 3EFE0500000040            inc byte [ds:0x40000000]
   121                                    ;;End of interrupt
   122 000001F8 B020                      mov al,0x20
   123 000001FA E620                      out 0x20,al
   124                                    ;;;;
   125 000001FC 58                        pop eax
   126 000001FD 8ED8                      mov ds, ax
   127 000001FF 61                        popad
   128 00000200 CF                        iret
   129                                  
   130                                  section .nucleo
   131 00000000 90                        nop
   132 00000001 6687DB                    xchg bx,bx
   133 00000004 C3                        ret
